nohup: ignoring input
🔧 [STATUS TRACKER] Debug tool started
Use: node debug-status-tracker.js
🚀 [STATUS TRACKER] Starting auto-monitoring...
Foreign key constraints enabled
📋 [STATUS TRACKER] Found 10 active keywords
🔍 [STATUS TRACKER] Starting to track keyword 8c2ff2ba-7ff9-40f8-bcc6-822801b50294
✅ [STATUS TRACKER] Now tracking "chocolate cake" (8c2ff2ba-7ff9-40f8-bcc6-822801b50294)
📊 [STATUS TRACKER] Initial status: processing
🔍 [STATUS TRACKER] Starting to track keyword 09e1a6cc-2f71-49e4-a3fa-cc878942c4a7
✅ [STATUS TRACKER] Now tracking "chicken pizza" (09e1a6cc-2f71-49e4-a3fa-cc878942c4a7)
📊 [STATUS TRACKER] Initial status: processing
🔍 [STATUS TRACKER] Starting to track keyword 62dc7762-25f4-44eb-96e6-e20ba1c4c60f
✅ [STATUS TRACKER] Now tracking "burger" (62dc7762-25f4-44eb-96e6-e20ba1c4c60f)
📊 [STATUS TRACKER] Initial status: processing
🔍 [STATUS TRACKER] Starting to track keyword ea7e1b95-09b3-42dd-a052-f2d63597df89
✅ [STATUS TRACKER] Now tracking "Hello" (ea7e1b95-09b3-42dd-a052-f2d63597df89)
📊 [STATUS TRACKER] Initial status: pending
🔍 [STATUS TRACKER] Starting to track keyword 8a5171c6-e24e-4235-8f7a-1915b859894e
✅ [STATUS TRACKER] Now tracking "test" (8a5171c6-e24e-4235-8f7a-1915b859894e)
📊 [STATUS TRACKER] Initial status: pending
🔍 [STATUS TRACKER] Starting to track keyword 22163cb5-2051-4477-ad2f-55c4158edc78
✅ [STATUS TRACKER] Now tracking "test" (22163cb5-2051-4477-ad2f-55c4158edc78)
📊 [STATUS TRACKER] Initial status: pending
🔍 [STATUS TRACKER] Starting to track keyword aaf8dfd4-45f8-47d4-a351-03510856d635
✅ [STATUS TRACKER] Now tracking "Chicken Tacos" (aaf8dfd4-45f8-47d4-a351-03510856d635)
📊 [STATUS TRACKER] Initial status: pending
🔍 [STATUS TRACKER] Starting to track keyword 5833ed17-c8a6-4517-b39e-e2da2130c180
✅ [STATUS TRACKER] Now tracking "Lemon Bars" (5833ed17-c8a6-4517-b39e-e2da2130c180)
📊 [STATUS TRACKER] Initial status: pending
🔍 [STATUS TRACKER] Starting to track keyword abf37f2a-4dee-4d17-8cca-0bc4dbd895be
✅ [STATUS TRACKER] Now tracking "Mushroom Risotto" (abf37f2a-4dee-4d17-8cca-0bc4dbd895be)
📊 [STATUS TRACKER] Initial status: pending
🔍 [STATUS TRACKER] Starting to track keyword 7ae8f59d-6e21-4782-9690-7d77063d707b
✅ [STATUS TRACKER] Now tracking "Banana Bread" (7ae8f59d-6e21-4782-9690-7d77063d707b)
📊 [STATUS TRACKER] Initial status: pending
✅ [STATUS TRACKER] Auto-monitoring started (checking every 5s)
🔄 [STATUS TRACKER] Checking 10 tracked keywords...
🔄 [STATUS TRACKER] Checking 10 tracked keywords...
🔄 [STATUS TRACKER] Checking 10 tracked keywords...
🔄 [STATUS TRACKER] Checking 10 tracked keywords...
🔄 [STATUS TRACKER] Checking 10 tracked keywords...
🔄 [STATUS TRACKER] Checking 10 tracked keywords...
🔄 [STATUS TRACKER] Checking 10 tracked keywords...
🔄 [STATUS TRACKER] Checking 10 tracked keywords...
🔄 [STATUS TRACKER] Checking 10 tracked keywords...
🔄 [STATUS TRACKER] Checking 10 tracked keywords...
🔄 [STATUS TRACKER] Checking 10 tracked keywords...
🔄 [STATUS TRACKER] Checking 10 tracked keywords...
🔄 [STATUS TRACKER] Checking 10 tracked keywords...
🔄 [STATUS TRACKER] Checking 10 tracked keywords...
🔄 [STATUS TRACKER] Checking 10 tracked keywords...
🔄 [STATUS TRACKER] Checking 10 tracked keywords...
🔄 [STATUS TRACKER] Checking 10 tracked keywords...
🔄 [STATUS TRACKER] Checking 10 tracked keywords...
🔄 [STATUS TRACKER] Checking 10 tracked keywords...
🔄 [STATUS TRACKER] Checking 10 tracked keywords...
🔄 [STATUS TRACKER] Checking 10 tracked keywords...
🔄 [STATUS TRACKER] Checking 10 tracked keywords...
🔄 [STATUS TRACKER] Checking 10 tracked keywords...
🔄 [STATUS TRACKER] Checking 10 tracked keywords...
🔄 [STATUS TRACKER] Checking 10 tracked keywords...
🔄 [STATUS TRACKER] Checking 10 tracked keywords...
🔄 [STATUS TRACKER] Checking 10 tracked keywords...
🔄 [STATUS TRACKER] Checking 10 tracked keywords...
🔄 [STATUS TRACKER] Checking 10 tracked keywords...
🔄 [STATUS TRACKER] Checking 10 tracked keywords...
🔄 [STATUS TRACKER] Checking 10 tracked keywords...
🔄 [STATUS TRACKER] Checking 10 tracked keywords...
🔄 [STATUS TRACKER] Checking 10 tracked keywords...
🔄 [STATUS TRACKER] Checking 10 tracked keywords...
🔄 [STATUS TRACKER] Checking 10 tracked keywords...
🔄 [STATUS TRACKER] Checking 10 tracked keywords...
🔄 [STATUS TRACKER] Checking 10 tracked keywords...
🔄 [STATUS TRACKER] Checking 10 tracked keywords...
🔄 [STATUS TRACKER] Checking 10 tracked keywords...
🔄 [STATUS TRACKER] Checking 10 tracked keywords...
🔄 [STATUS TRACKER] Checking 10 tracked keywords...
🔄 [STATUS TRACKER] Checking 10 tracked keywords...
🔄 [STATUS TRACKER] Checking 10 tracked keywords...
🔄 [STATUS TRACKER] Checking 10 tracked keywords...
🔄 [STATUS TRACKER] Checking 10 tracked keywords...
🔄 [STATUS TRACKER] Checking 10 tracked keywords...
🔄 [STATUS TRACKER] Checking 10 tracked keywords...
🔄 [STATUS TRACKER] Checking 10 tracked keywords...
🔄 [STATUS TRACKER] Checking 10 tracked keywords...
🔄 [STATUS TRACKER] Checking 10 tracked keywords...
🔄 [STATUS TRACKER] Checking 10 tracked keywords...
🔄 [STATUS TRACKER] Checking 10 tracked keywords...
🔄 [STATUS TRACKER] Checking 10 tracked keywords...
🔄 [STATUS TRACKER] Checking 10 tracked keywords...
🔄 [STATUS TRACKER] Checking 10 tracked keywords...
🔄 [STATUS TRACKER] Checking 10 tracked keywords...
🔄 [STATUS TRACKER] Checking 10 tracked keywords...
🔄 [STATUS TRACKER] Checking 10 tracked keywords...
🔄 [STATUS TRACKER] Checking 10 tracked keywords...
🔄 [STATUS TRACKER] Checking 10 tracked keywords...
🔄 [STATUS TRACKER] Checking 10 tracked keywords...
🔄 [STATUS TRACKER] Checking 10 tracked keywords...
🔄 [STATUS TRACKER] Checking 10 tracked keywords...
🔄 [STATUS TRACKER] Checking 10 tracked keywords...
🔄 [STATUS TRACKER] Checking 10 tracked keywords...
🔄 [STATUS TRACKER] Checking 10 tracked keywords...
🔄 [STATUS TRACKER] Checking 10 tracked keywords...
🔄 [STATUS TRACKER] Checking 10 tracked keywords...
🔄 [STATUS TRACKER] Checking 10 tracked keywords...
🔄 [STATUS TRACKER] Checking 10 tracked keywords...
🔄 [STATUS TRACKER] Checking 10 tracked keywords...
🔄 [STATUS TRACKER] Checking 10 tracked keywords...
🔄 [STATUS TRACKER] Checking 10 tracked keywords...
🔄 [STATUS TRACKER] Checking 10 tracked keywords...
🔄 [STATUS TRACKER] Checking 10 tracked keywords...
🔄 [STATUS TRACKER] Checking 10 tracked keywords...
🔄 [STATUS TRACKER] Checking 10 tracked keywords...
🔄 [STATUS TRACKER] Checking 10 tracked keywords...
🔄 [STATUS TRACKER] Checking 10 tracked keywords...
🔄 [STATUS TRACKER] Checking 10 tracked keywords...
🔄 [STATUS TRACKER] Checking 10 tracked keywords...
🔄 [STATUS TRACKER] Checking 10 tracked keywords...
🔄 [STATUS TRACKER] Checking 10 tracked keywords...
🔄 [STATUS TRACKER] Checking 10 tracked keywords...
🔄 [STATUS TRACKER] Checking 10 tracked keywords...
🔄 [STATUS TRACKER] Checking 10 tracked keywords...
🔄 [STATUS TRACKER] Checking 10 tracked keywords...
❌ [STATUS TRACKER] Keyword 8c2ff2ba-7ff9-40f8-bcc6-822801b50294 disappeared from database
🔄 [STATUS TRACKER] Checking 10 tracked keywords...
❌ [STATUS TRACKER] Keyword 8c2ff2ba-7ff9-40f8-bcc6-822801b50294 disappeared from database
🔄 [STATUS TRACKER] Checking 10 tracked keywords...
❌ [STATUS TRACKER] Keyword 8c2ff2ba-7ff9-40f8-bcc6-822801b50294 disappeared from database
🔄 [STATUS TRACKER] Checking 10 tracked keywords...
❌ [STATUS TRACKER] Keyword 8c2ff2ba-7ff9-40f8-bcc6-822801b50294 disappeared from database
🔄 [STATUS TRACKER] Checking 10 tracked keywords...
❌ [STATUS TRACKER] Keyword 8c2ff2ba-7ff9-40f8-bcc6-822801b50294 disappeared from database
🔄 [STATUS TRACKER] Checking 10 tracked keywords...
❌ [STATUS TRACKER] Keyword 8c2ff2ba-7ff9-40f8-bcc6-822801b50294 disappeared from database
🔄 [STATUS TRACKER] Checking 10 tracked keywords...
❌ [STATUS TRACKER] Keyword 8c2ff2ba-🔄 [STATUS TRACKER] Checking 10 tracked keywords...
🔄 [STATUS TRACKER] Checking 10 tracked keywords...
🔄 [STATUS TRACKER] Checking 10 tracked keywords...
🔄 [STATUS TRACKER] Checking 10 tracked keywords...
🔄 [STATUS TRACKER] Checking 10 tracked keywords...
🔄 [STATUS TRACKER] Checking 10 tracked keywords...
🔄 [STATUS TRACKER] Checking 10 tracked keywords...
🔄 [STATUS TRACKER] Checking 10 tracked keywords...
🔄 [STATUS TRACKER] Checking 10 tracked keywords...
🔄 [STATUS TRACKER] Checking 10 tracked keywords...
🔄 [STATUS TRACKER] Checking 10 tracked keywords...
🔄 [STATUS TRACKER] Checking 10 tracked keywords...
🔄 [STATUS TRACKER] Checking 10 tracked keywords...
🔄 [STATUS TRACKER] Checking 10 tracked keywords...
🔄 [STATUS TRACKER] Checking 10 tracked keywords...
🛑 [STATUS TRACKER] Monitoring stopped

📊 [STATUS TRACKER REPORT] Tracked 10 keywords

🔍 Keyword: "chicken pizza" (09e1a6cc-2f71-49e4-a3fa-cc878942c4a7)
   Initial status: processing
   Status history:
     1. processing at 2025-08-16T20:18:01.146Z [auto_monitor]
   Total tracking time: 600s

🔍 Keyword: "burger" (62dc7762-25f4-44eb-96e6-e20ba1c4c60f)
   Initial status: processing
   Status history:
     1. processing at 2025-08-16T20:18:01.147Z [auto_monitor]
   Total tracking time: 600s

🔍 Keyword: "Hello" (ea7e1b95-09b3-42dd-a052-f2d63597df89)
   Initial status: pending
   Status history:
     1. pending at 2025-08-16T20:18:01.147Z [auto_monitor]
   Total tracking time: 600s

🔍 Keyword: "test" (8a5171c6-e24e-4235-8f7a-1915b859894e)
   Initial status: pending
   Status history:
     1. pending at 2025-08-16T20:18:01.148Z [auto_monitor]
   Total tracking time: 600s

🔍 Keyword: "test" (22163cb5-2051-4477-ad2f-55c4158edc78)
   Initial status: pending
   Status history:
     1. pending at 2025-08-16T20:18:01.148Z [auto_monitor]
   Total tracking time: 600s

🔍 Keyword: "Chicken Tacos" (aaf8dfd4-45f8-47d4-a351-03510856d635)
   Initial status: pending
   Status history:
     1. pending at 2025-08-16T20:18:01.149Z [auto_monitor]
   Total tracking time: 600s

🔍 Keyword: "Lemon Bars" (5833ed17-c8a6-4517-b39e-e2da2130c180)
   Initial status: pending
   Status history:
     1. pending at 2025-08-🔄 [STATUS TRACKER] Checking 10 tracked keywords...
❌ [STATUS TRACKER] Keyword 8c2ff2ba-7ff9-40f8-bcc6-822801b50294 disappeared from database
🔄 [STATUS TRACKER] Checking 10 tracked keywords...
❌ [STATUS TRACKER] Keyword 8c2ff2ba-7ff9-40f8-bcc6-822801b50294 disappeared from database
🔄 [STATUS TRACKER] Checking 10 tracked keywords...
❌ [STATUS TRACKER] Keyword 8c2ff2ba-7ff9-40f8-bcc6-822801b50294 disappeared from database
🔄 [STATUS TRACKER] Checking 10 tracked keywords...
❌ [STATUS TRACKER] Keyword 8c2ff2ba-7ff9-40f8-bcc6-822801b50294 disappeared from database
🔄 [STATUS TRACKER] Checking 10 tracked keywords...
❌ [STATUS TRACKER] Keyword 8c2ff2ba-7ff9-40f8-bcc6-822801b50294 disappeared from database
🔄 [STATUS TRACKER] Checking 10 tracked keywords...
❌ [STATUS TRACKER] Keyword 8c2ff2ba-7ff9-40f8-bcc6-822801b50294 disappeared from database
🔄 [STATUS TRACKER] Checking 10 tracked keywords...
❌ [STATUS TRACKER] Keyword 8c2ff2ba-7ff9-40f8-bcc6-822801b50294 disappeared from database
🔄 [STATUS TRACKER] Checking 10 tracked keywords...
❌ [STATUS TRACKER] Keyword 8c2ff2ba-7ff9-40f8-bcc6-822801b50294 disappeared from database
🔄 [STATUS TRACKER] Checking 10 tracked keywords...
❌ [STATUS TRACKER] Keyword 8c2ff2ba-7ff9-40f8-bcc6-822801b50294 disappeared from database
🔄 [STATUS TRACKER] Checking 10 tracked keywords...
❌ [STATUS TRACKER] Keyword 8c2ff2ba-7ff9-40f8-bcc6-822801b50294 disappeared from database
🔄 [STATUS TRACKER] Checking 10 tracked keywords...
❌ [STATUS TRACKER] Keyword 8c2ff2ba-7ff9-40f8-bcc6-822801b50294 disappeared from database
🛑 [STATUS TRACKER] Monitoring stopped

📊 [STATUS TRACKER REPORT] Tracked 10 keywords

🔍 Keyword: "chocolate cake" (8c2ff2ba-7ff9-40f8-bcc6-822801b50294)
   Initial status: processing
   Status history:
     1. processing at 2025-08-16T20:18:58.672Z [auto_monitor]
   Total tracking time: 600s

🔍 Keyword: "chicken pizza" (09e1a6cc-2f71-49e4-a3fa-cc878942c4a7)
   Initial status: processing
   Status history:
     1. processing at 2025-08-16T20:18:58.673Z [auto_monitor]
   Total tracking time: 600s

🔍 Keyword: "burger" (62dc7762-25f4-44eb-96e6-e20ba1c4c60f)
   Initial status: processing
   Status history:
     1. processing at 2025-08-16T20:18:58.674Z [auto_monitor]
   Total tracking time: 600s

🔍 Keyword: "Hello" (ea7e1b95-09b3-42dd-a052-f2d63597df89)
   Initial status: pending
   Status history:
     1. pending at 2025-08-16T20:18:58.675Z [auto_monitor]
   Total tracking time: 600s

🔍 Keyword: "test" (8a5171c6-e24e-4235-8f7a-1915b859894e)
   Initial status: pending
   Status history:
     1. pending at 2025-08-16T20:18:58.676Z [auto_monitor]
   Total tracking time: 600s

🔍 Keyword: "test" (22163cb5-2051-4477-ad2f-55c4158edc78)
   Initial status: pending
   Status history:
     1. pending at 2025-08-16T20:18:58.678Z [auto_monitor]
   Total tracking time: 600s

🔍 Keyword: "Chicken Tacos" (aaf8dfd4-45f8-47d4-a351-03510856d635)
   Initial status: pending
   Status history:
     1. pending at 2025-08-16T20:18:58.679Z [auto_monitor]
   Total tracking time: 600s

🔍 Keyword: "Lemon Bars" (5833ed17-c8a6-4517-b39e-e2da2130c180)
   Initial status: pending
   Status history:
     1. pending at 2025-08-16T20:18:58.679Z [auto_monitor]
   Total tracking time: 600s

🔍 Keyword: "Mushroom Risotto" (abf37f2a-4dee-4d17-8cca-0bc4dbd895be)
   Initial status: pending
   Status history:
     1. pending at 2025-08-16T20:18:58.680Z [auto_monitor]
   Total tracking time: 600s

🔍 Keyword: "Banana Bread" (7ae8f59d-6e21-4782-9690-7d77063d707b)
   Initial status: pending
   Status history:
     1. pending at 2025-08-16T20:18:58.680Z [auto_monitor]
   Total tracking time: 600s
